// Vitest Snapshot v1, https://vitest.dev/guide/snapshot.html

exports[`UDataView 계산색 회귀망 > 두 테마의 계산색이 고정 스냅샷과 일치한다 1`] = `
{
  "dark .info": {
    "background-color": "rgba(0, 0, 0, 0)",
    "border-bottom-color": "rgb(138, 138, 138)",
    "border-color": "rgb(138, 138, 138)",
    "color": "rgb(138, 138, 138)",
  },
  "dark .table-wrapper": {
    "background-color": "rgba(0, 0, 0, 0)",
    "border-bottom-color": "rgb(61, 61, 61)",
    "border-color": "rgb(61, 61, 61)",
    "color": "rgb(212, 212, 212)",
  },
  "dark .toolbar": {
    "background-color": "rgb(18, 18, 18)",
    "border-bottom-color": "rgb(61, 61, 61)",
    "border-color": "rgb(61, 61, 61)",
    "color": "rgb(212, 212, 212)",
  },
  "dark grid .card": {
    "background-color": "rgb(18, 18, 18)",
    "border-bottom-color": "rgb(61, 61, 61)",
    "border-color": "rgb(61, 61, 61)",
    "color": "rgb(212, 212, 212)",
  },
  "dark grid .card-field .label": {
    "background-color": "rgba(0, 0, 0, 0)",
    "border-bottom-color": "rgb(138, 138, 138)",
    "border-color": "rgb(138, 138, 138)",
    "color": "rgb(138, 138, 138)",
  },
  "dark grid .card-field .value": {
    "background-color": "rgba(0, 0, 0, 0)",
    "border-bottom-color": "rgb(212, 212, 212)",
    "border-color": "rgb(212, 212, 212)",
    "color": "rgb(212, 212, 212)",
  },
  "dark table": {
    "background-color": "rgb(18, 18, 18)",
    "border-bottom-color": "rgb(212, 212, 212)",
    "border-color": "rgb(212, 212, 212)",
    "color": "rgb(212, 212, 212)",
  },
  "dark tbody tr": {
    "background-color": "rgba(0, 0, 0, 0)",
    "border-bottom-color": "rgb(42, 42, 42)",
    "border-color": "rgb(212, 212, 212) rgb(212, 212, 212) rgb(42, 42, 42)",
    "color": "rgb(212, 212, 212)",
  },
  "dark th": {
    "background-color": "rgba(0, 0, 0, 0)",
    "border-bottom-color": "rgb(61, 61, 61)",
    "border-color": "rgb(138, 138, 138) rgb(138, 138, 138) rgb(61, 61, 61)",
    "color": "rgb(138, 138, 138)",
  },
  "dark thead": {
    "background-color": "rgb(10, 10, 10)",
    "border-bottom-color": "rgb(212, 212, 212)",
    "border-color": "rgb(212, 212, 212)",
    "color": "rgb(212, 212, 212)",
  },
  "light .info": {
    "background-color": "rgba(0, 0, 0, 0)",
    "border-bottom-color": "rgb(117, 117, 117)",
    "border-color": "rgb(117, 117, 117)",
    "color": "rgb(117, 117, 117)",
  },
  "light .table-wrapper": {
    "background-color": "rgba(0, 0, 0, 0)",
    "border-bottom-color": "rgb(224, 224, 224)",
    "border-color": "rgb(224, 224, 224)",
    "color": "rgb(33, 33, 33)",
  },
  "light .toolbar": {
    "background-color": "rgb(255, 255, 255)",
    "border-bottom-color": "rgb(224, 224, 224)",
    "border-color": "rgb(224, 224, 224)",
    "color": "rgb(33, 33, 33)",
  },
  "light grid .card": {
    "background-color": "rgb(255, 255, 255)",
    "border-bottom-color": "rgb(224, 224, 224)",
    "border-color": "rgb(224, 224, 224)",
    "color": "rgb(33, 33, 33)",
  },
  "light grid .card-field .label": {
    "background-color": "rgba(0, 0, 0, 0)",
    "border-bottom-color": "rgb(117, 117, 117)",
    "border-color": "rgb(117, 117, 117)",
    "color": "rgb(117, 117, 117)",
  },
  "light grid .card-field .value": {
    "background-color": "rgba(0, 0, 0, 0)",
    "border-bottom-color": "rgb(33, 33, 33)",
    "border-color": "rgb(33, 33, 33)",
    "color": "rgb(33, 33, 33)",
  },
  "light table": {
    "background-color": "rgb(255, 255, 255)",
    "border-bottom-color": "rgb(33, 33, 33)",
    "border-color": "rgb(33, 33, 33)",
    "color": "rgb(33, 33, 33)",
  },
  "light tbody tr": {
    "background-color": "rgba(0, 0, 0, 0)",
    "border-bottom-color": "rgb(238, 238, 238)",
    "border-color": "rgb(33, 33, 33) rgb(33, 33, 33) rgb(238, 238, 238)",
    "color": "rgb(33, 33, 33)",
  },
  "light th": {
    "background-color": "rgba(0, 0, 0, 0)",
    "border-bottom-color": "rgb(224, 224, 224)",
    "border-color": "rgb(117, 117, 117) rgb(117, 117, 117) rgb(224, 224, 224)",
    "color": "rgb(117, 117, 117)",
  },
  "light thead": {
    "background-color": "rgb(250, 250, 250)",
    "border-bottom-color": "rgb(33, 33, 33)",
    "border-color": "rgb(33, 33, 33)",
    "color": "rgb(33, 33, 33)",
  },
}
`;
