// Vitest Snapshot v1, https://vitest.dev/guide/snapshot.html

exports[`URichTable 계산색 회귀망 > 두 테마의 계산색이 고정 스냅샷과 일치한다 1`] = `
{
  "dark .filter-row input": {
    "background-color": "rgb(59, 59, 59)",
    "border-bottom-color": "rgb(61, 61, 61)",
    "border-color": "rgb(61, 61, 61)",
    "color": "rgb(255, 255, 255)",
  },
  "dark .filter-row td": {
    "background-color": "rgb(28, 19, 0)",
    "border-bottom-color": "rgb(61, 61, 61)",
    "border-color": "rgb(212, 212, 212) rgb(212, 212, 212) rgb(61, 61, 61)",
    "color": "rgb(212, 212, 212)",
  },
  "dark .new-row input": {
    "background-color": "rgba(0, 0, 0, 0)",
    "border-bottom-color": "rgb(22, 66, 40)",
    "border-color": "rgb(22, 66, 40)",
    "color": "rgb(138, 138, 138)",
  },
  "dark .new-row td": {
    "background-color": "rgb(6, 20, 12)",
    "border-bottom-color": "rgb(212, 212, 212)",
    "border-color": "rgb(212, 212, 212)",
    "color": "rgb(212, 212, 212)",
  },
  "dark .pagination": {
    "background-color": "rgb(30, 30, 30)",
    "border-bottom-color": "rgb(138, 138, 138)",
    "border-color": "rgb(61, 61, 61) rgb(138, 138, 138) rgb(138, 138, 138)",
    "color": "rgb(138, 138, 138)",
  },
  "dark .pagination button": {
    "background-color": "rgb(42, 42, 42)",
    "border-bottom-color": "rgb(61, 61, 61)",
    "border-color": "rgb(61, 61, 61)",
    "color": "rgba(255, 255, 255, 0.3)",
  },
  "dark .toolbar": {
    "background-color": "rgb(30, 30, 30)",
    "border-bottom-color": "rgb(61, 61, 61)",
    "border-color": "rgb(212, 212, 212) rgb(212, 212, 212) rgb(61, 61, 61)",
    "color": "rgb(212, 212, 212)",
  },
  "dark .toolbar .btn-success": {
    "background-color": "rgb(54, 126, 80)",
    "border-bottom-color": "rgb(255, 255, 255)",
    "border-color": "rgb(255, 255, 255)",
    "color": "rgb(255, 255, 255)",
  },
  "dark .toolbar .selection-info": {
    "background-color": "rgba(0, 0, 0, 0)",
    "border-bottom-color": "rgb(138, 138, 138)",
    "border-color": "rgb(138, 138, 138)",
    "color": "rgb(138, 138, 138)",
  },
  "dark :host": {
    "background-color": "rgba(0, 0, 0, 0)",
    "border-bottom-color": "rgb(61, 61, 61)",
    "border-color": "rgb(61, 61, 61)",
    "color": "rgb(212, 212, 212)",
  },
  "dark tbody td": {
    "background-color": "rgb(28, 19, 0)",
    "border-bottom-color": "rgb(61, 61, 61)",
    "border-color": "rgb(212, 212, 212) rgb(212, 212, 212) rgb(61, 61, 61)",
    "color": "rgb(212, 212, 212)",
  },
  "dark tbody tr": {
    "background-color": "rgba(0, 0, 0, 0)",
    "border-bottom-color": "rgb(42, 42, 42)",
    "border-color": "rgb(212, 212, 212) rgb(212, 212, 212) rgb(42, 42, 42)",
    "color": "rgb(212, 212, 212)",
  },
  "dark tbody tr.selected": {
    "background-color": "rgb(6, 22, 41)",
    "border-bottom-color": "rgb(42, 42, 42)",
    "border-color": "rgb(212, 212, 212) rgb(212, 212, 212) rgb(42, 42, 42)",
    "color": "rgb(212, 212, 212)",
  },
  "dark thead th": {
    "background-color": "rgb(30, 30, 30)",
    "border-bottom-color": "rgb(61, 61, 61)",
    "border-color": "rgb(212, 212, 212) rgb(212, 212, 212) rgb(61, 61, 61)",
    "color": "rgb(212, 212, 212)",
  },
  "light .filter-row input": {
    "background-color": "rgb(255, 255, 255)",
    "border-bottom-color": "rgb(224, 224, 224)",
    "border-color": "rgb(224, 224, 224)",
    "color": "rgb(0, 0, 0)",
  },
  "light .filter-row td": {
    "background-color": "rgb(255, 253, 231)",
    "border-bottom-color": "rgb(224, 224, 224)",
    "border-color": "rgb(33, 33, 33) rgb(33, 33, 33) rgb(224, 224, 224)",
    "color": "rgb(33, 33, 33)",
  },
  "light .new-row input": {
    "background-color": "rgba(0, 0, 0, 0)",
    "border-bottom-color": "rgb(129, 199, 132)",
    "border-color": "rgb(129, 199, 132)",
    "color": "rgb(117, 117, 117)",
  },
  "light .new-row td": {
    "background-color": "rgb(232, 245, 233)",
    "border-bottom-color": "rgb(33, 33, 33)",
    "border-color": "rgb(33, 33, 33)",
    "color": "rgb(33, 33, 33)",
  },
  "light .pagination": {
    "background-color": "rgb(250, 250, 250)",
    "border-bottom-color": "rgb(117, 117, 117)",
    "border-color": "rgb(224, 224, 224) rgb(117, 117, 117) rgb(117, 117, 117)",
    "color": "rgb(117, 117, 117)",
  },
  "light .pagination button": {
    "background-color": "rgb(255, 255, 255)",
    "border-bottom-color": "rgb(224, 224, 224)",
    "border-color": "rgb(224, 224, 224)",
    "color": "rgba(16, 16, 16, 0.3)",
  },
  "light .toolbar": {
    "background-color": "rgb(250, 250, 250)",
    "border-bottom-color": "rgb(224, 224, 224)",
    "border-color": "rgb(33, 33, 33) rgb(33, 33, 33) rgb(224, 224, 224)",
    "color": "rgb(33, 33, 33)",
  },
  "light .toolbar .btn-success": {
    "background-color": "rgb(67, 160, 71)",
    "border-bottom-color": "rgb(255, 255, 255)",
    "border-color": "rgb(255, 255, 255)",
    "color": "rgb(255, 255, 255)",
  },
  "light .toolbar .selection-info": {
    "background-color": "rgba(0, 0, 0, 0)",
    "border-bottom-color": "rgb(117, 117, 117)",
    "border-color": "rgb(117, 117, 117)",
    "color": "rgb(117, 117, 117)",
  },
  "light :host": {
    "background-color": "rgba(0, 0, 0, 0)",
    "border-bottom-color": "rgb(224, 224, 224)",
    "border-color": "rgb(224, 224, 224)",
    "color": "rgb(33, 33, 33)",
  },
  "light tbody td": {
    "background-color": "rgb(255, 253, 231)",
    "border-bottom-color": "rgb(224, 224, 224)",
    "border-color": "rgb(33, 33, 33) rgb(33, 33, 33) rgb(224, 224, 224)",
    "color": "rgb(33, 33, 33)",
  },
  "light tbody tr": {
    "background-color": "rgba(0, 0, 0, 0)",
    "border-bottom-color": "rgb(238, 238, 238)",
    "border-color": "rgb(33, 33, 33) rgb(33, 33, 33) rgb(238, 238, 238)",
    "color": "rgb(33, 33, 33)",
  },
  "light tbody tr.selected": {
    "background-color": "rgb(227, 242, 253)",
    "border-bottom-color": "rgb(238, 238, 238)",
    "border-color": "rgb(33, 33, 33) rgb(33, 33, 33) rgb(238, 238, 238)",
    "color": "rgb(33, 33, 33)",
  },
  "light thead th": {
    "background-color": "rgb(245, 245, 245)",
    "border-bottom-color": "rgb(224, 224, 224)",
    "border-color": "rgb(33, 33, 33) rgb(33, 33, 33) rgb(224, 224, 224)",
    "color": "rgb(33, 33, 33)",
  },
}
`;
